$ /mnt/bak3/lzg/PipeANN-github/build/tests/dynamic_update_suite_driver --mode measure-dynamic-search --source-prefix /mnt/bak3/lzg/PipeANN-github/experiments/r116_suite_pq16_aris_20260520_072453/exp4_delete_reinsert_fixed_params_livegt/tmp/deleted_750k --query-bin /mnt/bak3/lzg/PipeANN-github/experiments/r116_suite_pq16_aris_20260520_072453/data/sift_query_1000.bin --truthset-bin /mnt/bak3/lzg/PipeANN-github/experiments/r116_suite_pq16_aris_20260520_072453/exp4_delete_reinsert_fixed_params_livegt/truth/gt_750k_after_delete_u100.bin --query-label-file /mnt/bak3/lzg/PipeANN-github/experiments/r116_suite_pq16_aris_20260520_072453/labels/query_1000_u100.spmat --selector-type intersect --route graph --search-l 200 --search-threads 1 --beamwidth 4 --k 10 --mem-l 0 --build-l 220 --build-r 116 --jsonl-output /mnt/bak3/lzg/PipeANN-github/experiments/r116_suite_pq16_aris_20260520_072453/exp4_delete_reinsert_fixed_params_livegt/raw_dynamic/750k_after_delete_u100_graph_L200.jsonl

[utils.h:374:INFO] IndexBuildParameters with L: 220 R: 0 C: 116 alpha: 1.2 num_threads: 2 beam_width: 4 saturate_graph: 1
[ssd_index.cpp:32:INFO] Use PQNeighbor as neighbor handler, metric: l2
[ssd_index.cpp:74:INFO] Copying disk index from /mnt/bak3/lzg/PipeANN-github/experiments/r116_suite_pq16_aris_20260520_072453/exp4_delete_reinsert_fixed_params_livegt/tmp/deleted_750k to /mnt/bak3/lzg/PipeANN-github/experiments/r116_suite_pq16_aris_20260520_072453/exp4_delete_reinsert_fixed_params_livegt/tmp/deleted_750k_shadow
[pq_nbr.h:99:INFO] PQ Pivots offset: 0 PQ Vectors offset: 0
[pq_nbr.h:114:INFO] Load compressed vectors from file: /mnt/bak3/lzg/PipeANN-github/experiments/r116_suite_pq16_aris_20260520_072453/exp4_delete_reinsert_fixed_params_livegt/tmp/deleted_750k_pq_compressed.bin offset: 0 num points: 750000 n_chunks: 16 mode: heap
[pq_table.h:125:INFO] Loaded PQ Pivots: #centroids: 256, #dims: 128, #chunks: 16
[dynamic_index.cpp:473:INFO] Copy disk index file to /mnt/bak3/lzg/PipeANN-github/experiments/r116_suite_pq16_aris_20260520_072453/exp4_delete_reinsert_fixed_params_livegt/tmp/deleted_750k_shadow_disk.index
[ssd_index_defs.h:89:INFO] Loading metadata from disk index, sharded: 0
[ssd_index_defs.h:72:INFO] Max npts: 750000 Npoints: 750000 Entry point: 123262 Data dim: 128 Range: 116
[ssd_index_defs.h:74:INFO] Max node len: 1024 Nnodes per sector: 4 Npts cur shard: 750000 Label size: 44
[ssd_index.h:89:INFO] Size per IO: 4096
[ssd_index.h:95:INFO] Cur location: 750000
[pq_nbr.h:99:INFO] PQ Pivots offset: 0 PQ Vectors offset: 0
[pq_nbr.h:114:INFO] Load compressed vectors from file: /mnt/bak3/lzg/PipeANN-github/experiments/r116_suite_pq16_aris_20260520_072453/exp4_delete_reinsert_fixed_params_livegt/tmp/deleted_750k_shadow_pq_compressed.bin offset: 0 num points: 750000 n_chunks: 16 mode: heap
[pq_table.h:125:INFO] Loaded PQ Pivots: #centroids: 256, #dims: 128, #chunks: 16
[ssd_index.cpp:108:INFO] Init buffers for 2 threads, setup 4 buffers.
[ssd_index.cpp:121:INFO] Setup 1 background I/O threads for insert...
[ssd_index.cpp:323:INFO] /mnt/bak3/lzg/PipeANN-github/experiments/r116_suite_pq16_aris_20260520_072453/exp4_delete_reinsert_fixed_params_livegt/tmp/deleted_750k_shadow_partition.bin.aligned does not exist, use equal partition mapping
[ssd_index.cpp:336:INFO] Page layout loaded.
[ssd_index.cpp:211:INFO] Loading tags from /mnt/bak3/lzg/PipeANN-github/experiments/r116_suite_pq16_aris_20260520_072453/exp4_delete_reinsert_fixed_params_livegt/tmp/deleted_750k_shadow_disk.index.tags
[ssd_index.cpp:349:INFO] Load tags from existing file: /mnt/bak3/lzg/PipeANN-github/experiments/r116_suite_pq16_aris_20260520_072453/exp4_delete_reinsert_fixed_params_livegt/tmp/deleted_750k_shadow_disk.index.tags
[ssd_index.cpp:377:INFO] Loaded dense tag table with 750000 entries and 747370 non-identity tags
[ssd_index.cpp:236:INFO] Hybrid densebit runtime loaded from /mnt/bak3/lzg/PipeANN-github/experiments/r116_suite_pq16_aris_20260520_072453/exp4_delete_reinsert_fixed_params_livegt/tmp/deleted_750k_shadow_labels.densebit
[ssd_index.cpp:254:INFO] Hybrid metadata loaded from /mnt/bak3/lzg/PipeANN-github/experiments/r116_suite_pq16_aris_20260520_072453/exp4_delete_reinsert_fixed_params_livegt/tmp/deleted_750k_shadow_hybrid.meta
[ssd_index.cpp:218:INFO] SSDIndex loaded successfully.
[label.h:61:INFO] Loading spmat: nrow=1000, ncol=10, nnz=1000
[label.h:103:INFO] Loaded spmat labels: max_label_count=1, label_size=8
[ssd_index.cpp:62:INFO] Lock table size: 0
[ssd_index.cpp:63:INFO] Page cache size: 0
